(1780550371.040155) vcan0 100#E41DF9D4280A0000
(1780550371.040184) vcan0 700#03
(1780550371.140180) vcan0 100#7B1F07C5C8090000
(1780550371.140221) vcan0 700#04
(1780550371.240223) vcan0 100#0A2110A578090000
(1780550371.240272) vcan0 700#05
(1780550371.340249) vcan0 100#9022149528090000
(1780550371.340296) vcan0 700#06
(1780550371.440289) vcan0 100#09241375E8080000
(1780550371.440364) vcan0 700#07
(1780550371.540184) vcan0 100#74250D65A8080000
(1780550371.540216) vcan0 700#08
(1780550371.640188) vcan0 100#D026034568080000
(1780550371.640219) vcan0 700#09
(1780550371.740219) vcan0 100#1A28F43448100000
(1780550371.740260) vcan0 700#0A
(1780550371.840219) vcan0 100#5229E01428100000
(1780550371.840263) vcan0 700#0B
(1780550371.940211) vcan0 100#752AC8F417100000
(1780550371.940255) vcan0 700#0C
(1780550372.040221) vcan0 100#822BABE407100000
(1780550372.040277) vcan0 700#0D
(1780550372.140190) vcan0 100#782C8BC407100000
(1780550372.140234) vcan0 700#0E
(1780550372.240291) vcan0 100#552D67B417100000
(1780550372.240353) vcan0 700#0F
(1780550372.340203) vcan0 100#192E3F9437100000
(1780550372.340253) vcan0 700#10
(1780550372.440196) vcan0 100#C32E148457100000
(1780550372.440233) vcan0 700#11
(1780550372.540180) vcan0 100#512FE77397100000
(1780550372.540224) vcan0 700#12
(1780550372.640209) vcan0 100#C32FB763C7100000
(1780550372.640253) vcan0 700#13
(1780550372.740176) vcan0 100#1930855317990000
(1780550372.740248) vcan0 700#14
(1780550372.840119) vcan0 100#5230514357990000
(1780550372.840151) vcan0 700#15
(1780550372.940221) vcan0 100#6D301C43B7990000
(1780550372.940274) vcan0 700#16
(1780550373.040224) vcan0 100#6B30E732079A0000
(1780550373.040272) vcan0 700#17
(1780550373.140188) vcan0 100#4C30B132679A0000
(1780550373.140230) vcan0 700#18
(1780550373.240204) vcan0 100#10307B32C79A0000
(1780550373.240247) vcan0 700#19
(1780550373.340340) vcan0 100#B62F4632179B0000
(1780550373.340489) vcan0 700#1A
(1780550373.440360) vcan0 100#402F1132779B0000
(1780550373.440418) vcan0 700#1B
(1780550373.540238) vcan0 100#AF2EDE41D79B0000
(1780550373.540290) vcan0 700#1C
(1780550373.640250) vcan0 100#022EAD51279C0000
(1780550373.640349) vcan0 700#1D
(1780550373.740192) vcan0 100#3B2D7E6177A40000
(1780550373.740235) vcan0 700#1E
(1780550373.840236) vcan0 100#5A2C5271C7A40000
(1780550373.840281) vcan0 700#1F
(1780550373.940219) vcan0 100#612B288107A50000
(1780550373.940277) vcan0 700#20
